--progress is a global compose flag, better use `docker compose --progress xx build ...
 Image galeria-backend Building 
 Image galeria-frontend Building 
#1 [internal] load local bake definitions
#1 reading from stdin 988B done
#1 DONE 0.0s

#2 [internal] load build definition from Dockerfile
#2 DONE 0.0s

#2 [internal] load build definition from Dockerfile
#2 transferring dockerfile: 345B done
#2 DONE 0.0s

#3 [internal] load metadata for docker.io/library/node:20-alpine
#3 DONE 0.8s

#4 [internal] load .dockerignore
#4 transferring context: 2B done
#4 DONE 0.0s

#5 [builder 1/6] FROM docker.io/library/node:20-alpine@sha256:fb4cd12c85ee03686f6af5362a0b0d56d50c58a04632e6c0fb8363f609372293
#5 resolve docker.io/library/node:20-alpine@sha256:fb4cd12c85ee03686f6af5362a0b0d56d50c58a04632e6c0fb8363f609372293 0.0s done
#5 DONE 0.0s

#6 [builder 2/6] WORKDIR /app
#6 CACHED

#7 [internal] load build context
#7 transferring context: 516B done
#7 DONE 0.0s

#8 [builder 3/6] COPY package*.json ./
#8 DONE 0.0s

#9 [builder 4/6] RUN npm install --legacy-peer-deps --no-audit
#9 19.97 npm warn EBADENGINE Unsupported engine {
#9 19.97 npm warn EBADENGINE   package: 'rollup-plugin-visualizer@7.1.1',
#9 19.97 npm warn EBADENGINE   required: { node: '>=22' },
#9 19.97 npm warn EBADENGINE   current: { node: 'v20.20.2', npm: '10.8.2' }
#9 19.97 npm warn EBADENGINE }
#9 24.28 npm warn deprecated inflight@1.0.6: This module is not supported, and leaks memory. Do not use it. Check out lru-cache if you want a good and tested way to coalesce async requests by a key value, which is much more comprehensive and powerful.
#9 25.47 npm warn deprecated @koa/router@12.0.2: Please upgrade to v15 or higher. All reported bugs in this version are fixed in newer releases, dependencies have been updated, and security has been improved.
#9 25.60 npm warn deprecated prebuild-install@7.1.3: No longer maintained. Please contact the author of the relevant native addon; alternatives are available.
#9 29.64 npm warn deprecated glob@7.2.3: Old versions of glob are not supported, and contain widely publicized security vulnerabilities, which have been fixed in the current version. Please update. Support for old versions may be purchased (at exorbitant rates) by contacting i@izs.me
#9 30.06 npm warn deprecated unplugin-vue-router@0.19.2: Merged into vuejs/router. Migrate: https://router.vuejs.org/guide/migration/v4-to-v5.html
#9 30.54 npm warn deprecated glob@10.5.0: Old versions of glob are not supported, and contain widely publicized security vulnerabilities, which have been fixed in the current version. Please update. Support for old versions may be purchased (at exorbitant rates) by contacting i@izs.me
#9 33.84 
#9 33.84 > postinstall
#9 33.84 > nuxt prepare
#9 33.84 
#9 35.77 │
#9 35.77 ◆  Types generated in .nuxt.
#9 35.79 
#9 35.79 added 794 packages in 35s
#9 35.79 
#9 35.79 174 packages are looking for funding
#9 35.79   run `npm fund` for details
#9 35.79 npm notice
#9 35.79 npm notice New major version of npm available! 10.8.2 -> 12.0.2
#9 35.79 npm notice Changelog: https://github.com/npm/cli/releases/tag/v12.0.2
#9 35.79 npm notice To update run: npm install -g npm@12.0.2
#9 35.79 npm notice
#9 DONE 36.0s

#10 [builder 5/6] COPY . .
#10 DONE 0.2s

#11 [builder 6/6] RUN npm run build
#11 0.350 
#11 0.350 > build
#11 0.350 > nuxt build
#11 0.350 
#11 0.495 ┌  Building Nuxt for production...
#11 1.180 │
#11 1.180 ●  Nuxt 3.21.11 (with Nitro 2.13.4, Vite 7.3.6 and Vue 3.5.42)
#11 1.296 [nuxt:tailwindcss] ℹ Using default Tailwind CSS file
#11 1.861 │
#11 1.861 ●  Nitro preset: node-server
#11 2.634 ℹ Building client...
#11 2.647 ℹ vite v7.3.6 building client environment for production...
#11 2.679 ℹ transforming...
#11 5.189 ℹ ✓ 186 modules transformed.
#11 5.304 ℹ rendering chunks...
#11 5.362 ℹ computing gzip size...
#11 5.373 ℹ .nuxt/dist/client/manifest.json                   2.15 kB │ gzip:  0.45 kB
#11 5.373 ℹ .nuxt/dist/client/_nuxt/error-500.I1Dtv2V5.css    1.88 kB │ gzip:  0.72 kB
#11 5.373 ℹ .nuxt/dist/client/_nuxt/error-404.DL_4WIao.css    3.53 kB │ gzip:  1.09 kB
#11 5.373 ℹ .nuxt/dist/client/_nuxt/P7v-kZ9d.js               0.36 kB │ gzip:  0.29 kB
#11 5.374 ℹ .nuxt/dist/client/_nuxt/5eo21k5A.js               3.00 kB │ gzip:  1.62 kB
#11 5.374 ℹ .nuxt/dist/client/_nuxt/DMgnlFP5.js               3.24 kB │ gzip:  1.60 kB
#11 5.374 ℹ .nuxt/dist/client/_nuxt/BSluDkQ1.js               3.37 kB │ gzip:  1.52 kB
#11 5.375 ℹ .nuxt/dist/client/_nuxt/D7-U7xcg.js               3.74 kB │ gzip:  1.69 kB
#11 5.375 ℹ .nuxt/dist/client/_nuxt/Cvq_tuh-.js               5.70 kB │ gzip:  2.27 kB
#11 5.375 ℹ .nuxt/dist/client/_nuxt/Dj9e3L5k.js              24.77 kB │ gzip:  9.94 kB
#11 5.376 ℹ .nuxt/dist/client/_nuxt/s7p01E3Z.js             188.16 kB │ gzip: 70.22 kB
#11 5.376 ℹ ✓ built in 2.73s
#11 5.377 ✔ Client built in 2743ms
#11 5.380 ℹ Building server...
#11 5.383 ℹ vite v7.3.6 building ssr environment for production...
#11 5.454 ℹ transforming...
#11 6.375 ℹ ✓ 110 modules transformed.
#11 6.419 ℹ rendering chunks...
#11 6.517 ℹ ✓ built in 1.13s
#11 6.525 ✔ Server built in 1144ms
#11 6.531 [nitro] ℹ Initializing prerenderer
#11 8.378 [nitro] ℹ Prerendering 1 routes
#11 8.518 [nitro]   ├─ /sobre-mi (136ms)
#11 8.523 [nitro]   ├─ /sobre-mi/_payload.json (5ms)
#11 8.524 [nitro] ℹ Prerendered 2 routes in 1.942 seconds
#11 8.578 [nitro] ✔ Generated public .output/public
#11 8.616 [nitro] ℹ Building Nuxt Nitro server (preset: node-server, compatibility date: 2024-04-03)
#11 14.73 [nitro] ✔ Nuxt Nitro server built
#11 16.05   ├─ .output/server/chunks/_/error-500.mjs (4.9 kB) (2.06 kB gzip)
#11 16.05   ├─ .output/server/chunks/_/error-500.mjs.map (182 B) (154 B gzip)
#11 16.05   ├─ .output/server/chunks/build/_slug_-OQqer10h.mjs (6.16 kB) (2.29 kB gzip)
#11 16.05   ├─ .output/server/chunks/build/_slug_-OQqer10h.mjs.map (3.22 kB) (959 B gzip)
#11 16.05   ├─ .output/server/chunks/build/client.precomputed.mjs (4.53 kB) (763 B gzip)
#11 16.05   ├─ .output/server/chunks/build/client.precomputed.mjs.map (4.6 kB) (439 B gzip)
#11 16.05   ├─ .output/server/chunks/build/entry-styles.DXBPDI9C.mjs (8.31 kB) (2.79 kB gzip)
#11 16.05   ├─ .output/server/chunks/build/entry-styles.DXBPDI9C.mjs.map (188 B) (154 B gzip)
#11 16.05   ├─ .output/server/chunks/build/error-404-Cc2mygSX.mjs (5.68 kB) (2.26 kB gzip)
#11 16.05   ├─ .output/server/chunks/build/error-404-Cc2mygSX.mjs.map (223 B) (185 B gzip)
#11 16.05   ├─ .output/server/chunks/build/error-404-styles.Pd4Strki.mjs (3.83 kB) (1.22 kB gzip)
#11 16.05   ├─ .output/server/chunks/build/error-404-styles.Pd4Strki.mjs.map (196 B) (155 B gzip)
#11 16.05   ├─ .output/server/chunks/build/error-500-gzzPk_-U.mjs (4.78 kB) (1.97 kB gzip)
#11 16.05   ├─ .output/server/chunks/build/error-500-gzzPk_-U.mjs.map (205 B) (173 B gzip)
#11 16.05   ├─ .output/server/chunks/build/error-500-styles.BMmh3bAG.mjs (2.18 kB) (862 B gzip)
#11 16.05   ├─ .output/server/chunks/build/error-500-styles.BMmh3bAG.mjs.map (196 B) (156 B gzip)
#11 16.05   ├─ .output/server/chunks/build/index-DJP_t8nu.mjs (7.79 kB) (2.53 kB gzip)
#11 16.05   ├─ .output/server/chunks/build/index-DJP_t8nu.mjs.map (3.77 kB) (1.1 kB gzip)
#11 16.05   ├─ .output/server/chunks/build/nuxt-link-ZxJ1W4ON.mjs (10.8 kB) (2.88 kB gzip)
#11 16.05   ├─ .output/server/chunks/build/nuxt-link-ZxJ1W4ON.mjs.map (187 B) (163 B gzip)
#11 16.05   ├─ .output/server/chunks/build/NuxtImg-D5m_z8BL.mjs (35.5 kB) (9.22 kB gzip)
#11 16.05   ├─ .output/server/chunks/build/NuxtImg-D5m_z8BL.mjs.map (866 B) (324 B gzip)
#11 16.05   ├─ .output/server/chunks/build/server.mjs (47.4 kB) (12.3 kB gzip)
#11 16.05   ├─ .output/server/chunks/build/server.mjs.map (3.15 kB) (879 B gzip)
#11 16.05   ├─ .output/server/chunks/build/sobre-mi-J9yhsFDx.mjs (1.16 kB) (595 B gzip)
#11 16.05   ├─ .output/server/chunks/build/sobre-mi-J9yhsFDx.mjs.map (294 B) (190 B gzip)
#11 16.05   ├─ .output/server/chunks/build/styles.mjs (497 B) (263 B gzip)
#11 16.05   ├─ .output/server/chunks/build/styles.mjs.map (395 B) (203 B gzip)
#11 16.05   ├─ .output/server/chunks/build/v3-DnDMBKvA.mjs (702 B) (372 B gzip)
#11 16.05   ├─ .output/server/chunks/build/v3-DnDMBKvA.mjs.map (179 B) (160 B gzip)
#11 16.05   ├─ .output/server/chunks/nitro/nitro.mjs (170 kB) (42.2 kB gzip)
#11 16.05   ├─ .output/server/chunks/nitro/nitro.mjs.map (3.33 kB) (813 B gzip)
#11 16.05   ├─ .output/server/chunks/routes/renderer.mjs (13.7 kB) (4.43 kB gzip)
#11 16.05   ├─ .output/server/chunks/routes/renderer.mjs.map (768 B) (266 B gzip)
#11 16.05   ├─ .output/server/chunks/virtual/_virtual_spa-template.mjs (94 B) (100 B gzip)
#11 16.05   ├─ .output/server/chunks/virtual/_virtual_spa-template.mjs.map (88 B) (97 B gzip)
#11 16.05   ├─ .output/server/index.mjs (367 B) (211 B gzip)
#11 16.05   └─ .output/server/package.json (1.77 kB) (689 B gzip)
#11 16.05 Σ Total size: 22.9 MB (8.86 MB gzip)
#11 16.05 
#11 16.05 [@nuxt/image]  WARN  sharp binaries for linux-x64 cannot be found. Please report this as a bug with a reproduction at https://github.com/nuxt/image.
#11 16.05 
#11 16.05 [nitro] ✔ You can preview this build using node .output/server/index.mjs
#11 16.05 │
#11 16.05 └  ✨ Build complete!
#11 DONE 16.1s

#12 [runner 3/3] COPY --from=builder /app/.output ./.output
#12 DONE 0.1s

#13 exporting to image
#13 exporting layers
#13 exporting layers 0.7s done
#13 exporting manifest sha256:062ee45dbbf74662d826180da066a23692135fde8906ac81fd419b1f3733b0c8 done
#13 exporting config sha256:17b21c9418969743f76fdc2378687251c81b511892971d2357960071f2c37c5c done
#13 exporting attestation manifest sha256:ac5e403c7379d1bb1361a8b10a5e9c0d1d36c944e0ab0fcfb23fd001f7f5b555 0.0s done
#13 exporting manifest list sha256:f11c532617f9dc43ec4e009785f99147fd48447facb11e0d5b4e1f017af94cff done
#13 naming to docker.io/library/galeria-frontend:latest done
#13 unpacking to docker.io/library/galeria-frontend:latest
#13 unpacking to docker.io/library/galeria-frontend:latest 0.2s done
#13 DONE 1.0s

#14 resolving provenance for metadata file
#14 DONE 0.0s
 Image galeria-frontend Built 
